2026-06-16 10:24:44,048 - __main__ - INFO -   Global seed set to 42
2026-06-16 10:24:44,048 - __main__ - INFO - AutoGuard Training | Stage: poincare | Device: cuda
2026-06-16 10:24:44,049 - __main__ - INFO - ============================================================
2026-06-16 10:24:44,049 - __main__ - INFO - STAGE 1: Poincaré Embedding Pre-training
2026-06-16 10:24:44,049 - __main__ - INFO - ============================================================
2026-06-16 10:24:44,066 - __main__ - INFO -   Tree pairs: 58, entities: 87
2026-06-16 10:24:44,740 - __main__ - INFO -   Saved: autoguard/checkpoints/exp/autoguard/poincare_trained.npz
2026-06-16 10:24:44,740 - __main__ - INFO - Done.
  Poincaré epoch 20/2000: loss=0.7762
  Poincaré epoch 40/2000: loss=0.2731
  Poincaré epoch 60/2000: loss=0.0648
  Poincaré epoch 80/2000: loss=0.0146
  Poincaré epoch 100/2000: loss=0.0073
  Poincaré epoch 120/2000: loss=0.0035
  Poincaré epoch 140/2000: loss=0.0019
  Poincaré epoch 160/2000: loss=0.0012
  Poincaré epoch 180/2000: loss=0.0008
  Poincaré epoch 200/2000: loss=0.0005
  Poincaré epoch 220/2000: loss=0.0024
  Poincaré epoch 240/2000: loss=0.0002
  Poincaré epoch 260/2000: loss=0.0000
  Poincaré epoch 280/2000: loss=0.0000
  Poincaré epoch 300/2000: loss=0.0000
  Poincaré epoch 320/2000: loss=0.0000
  Poincaré epoch 340/2000: loss=0.0000
  Poincaré epoch 360/2000: loss=0.0000
  Poincaré epoch 380/2000: loss=0.0000
  Poincaré epoch 400/2000: loss=0.0000
  Poincaré epoch 420/2000: loss=0.0000
  Poincaré epoch 440/2000: loss=0.0000
  Poincaré epoch 460/2000: loss=0.0000
  Poincaré epoch 480/2000: loss=0.0000
  Poincaré epoch 500/2000: loss=0.0000
  Poincaré epoch 520/2000: loss=0.0000
  Poincaré epoch 540/2000: loss=0.0000
  Poincaré epoch 560/2000: loss=0.0000
  Poincaré epoch 580/2000: loss=0.0000
  Poincaré epoch 600/2000: loss=0.0000
  Poincaré epoch 620/2000: loss=0.0000
  Poincaré epoch 640/2000: loss=0.0000
  Poincaré epoch 660/2000: loss=0.0000
  Poincaré epoch 680/2000: loss=0.0000
  Poincaré epoch 700/2000: loss=0.0000
  Poincaré epoch 720/2000: loss=0.0000
  Poincaré epoch 740/2000: loss=0.0000
  Poincaré epoch 760/2000: loss=0.0000
  Poincaré epoch 780/2000: loss=0.0000
  Poincaré epoch 800/2000: loss=0.0000
  Poincaré epoch 820/2000: loss=0.0000
  Poincaré epoch 840/2000: loss=0.0000
  Poincaré epoch 860/2000: loss=0.0000
  Poincaré epoch 880/2000: loss=0.0000
  Poincaré epoch 900/2000: loss=0.0000
  Poincaré epoch 920/2000: loss=0.0000
  Poincaré epoch 940/2000: loss=0.0000
  Poincaré epoch 960/2000: loss=0.0000
  Poincaré epoch 980/2000: loss=0.0000
  Poincaré epoch 1000/2000: loss=0.0000
  Poincaré epoch 1020/2000: loss=0.0000
  Poincaré epoch 1040/2000: loss=0.0000
  Poincaré epoch 1060/2000: loss=0.0000
  Poincaré epoch 1080/2000: loss=0.0000
  Poincaré epoch 1100/2000: loss=0.0000
  Poincaré epoch 1120/2000: loss=0.0000
  Poincaré epoch 1140/2000: loss=0.0000
  Poincaré epoch 1160/2000: loss=0.0000
  Poincaré epoch 1180/2000: loss=0.0000
  Poincaré epoch 1200/2000: loss=0.0000
  Poincaré epoch 1220/2000: loss=0.0000
  Poincaré epoch 1240/2000: loss=0.0000
  Poincaré epoch 1260/2000: loss=0.0000
  Poincaré epoch 1280/2000: loss=0.0000
  Poincaré epoch 1300/2000: loss=0.0000
  Poincaré epoch 1320/2000: loss=0.0000
  Poincaré epoch 1340/2000: loss=0.0000
  Poincaré epoch 1360/2000: loss=0.0000
  Poincaré epoch 1380/2000: loss=0.0000
  Poincaré epoch 1400/2000: loss=0.0000
  Poincaré epoch 1420/2000: loss=0.0000
  Poincaré epoch 1440/2000: loss=0.0000
  Poincaré epoch 1460/2000: loss=0.0000
  Poincaré epoch 1480/2000: loss=0.0000
  Poincaré epoch 1500/2000: loss=0.0000
  Poincaré epoch 1520/2000: loss=0.0000
  Poincaré epoch 1540/2000: loss=0.0000
  Poincaré epoch 1560/2000: loss=0.0000
  Poincaré epoch 1580/2000: loss=0.0000
  Poincaré epoch 1600/2000: loss=0.0000
  Poincaré epoch 1620/2000: loss=0.0000
  Poincaré epoch 1640/2000: loss=0.0000
  Poincaré epoch 1660/2000: loss=0.0000
  Poincaré epoch 1680/2000: loss=0.0000
  Poincaré epoch 1700/2000: loss=0.0000
  Poincaré epoch 1720/2000: loss=0.0000
  Poincaré epoch 1740/2000: loss=0.0000
  Poincaré epoch 1760/2000: loss=0.0000
  Poincaré epoch 1780/2000: loss=0.0000
  Poincaré epoch 1800/2000: loss=0.0000
  Poincaré epoch 1820/2000: loss=0.0000
  Poincaré epoch 1840/2000: loss=0.0000
  Poincaré epoch 1860/2000: loss=0.0000
  Poincaré epoch 1880/2000: loss=0.0000
  Poincaré epoch 1900/2000: loss=0.0000
  Poincaré epoch 1920/2000: loss=0.0000
  Poincaré epoch 1940/2000: loss=0.0000
  Poincaré epoch 1960/2000: loss=0.0000
  Poincaré epoch 1980/2000: loss=0.0000
  Poincaré epoch 2000/2000: loss=0.0000
